<html>
<body>
<pre>
<h1>礦ision Build Log</h1>
<h2>Tool Versions:</h2>
IDE-Version: μVision V5.29.0.0
Copyright (C) 2019 ARM Ltd and ARM Germany GmbH. All rights reserved.
License Information: zhu jiajun, 111, LIC=SDA0P-M3N7C-JJ36S-LZQDJ-SD4AW-MPK2B
 
Tool Versions:
Toolchain:       MDK-ARM Plus  Version: 5.29.0.0
Toolchain Path:  D:\ruanjian\Keil\Keil_v5\ARM\ARMCC\Bin
C Compiler:      Armcc.exe V5.06 update 6 (build 750)
Assembler:       Armasm.exe V5.06 update 6 (build 750)
Linker/Locator:  ArmLink.exe V5.06 update 6 (build 750)
Library Manager: ArmAr.exe V5.06 update 6 (build 750)
Hex Converter:   FromElf.exe V5.06 update 6 (build 750)
CPU DLL:         SARMCM3.DLL V5.29.0.0
Dialog DLL:      DCM.DLL V1.17.3.0
Target DLL:      UL2CM3.DLL V1.163.0.0
Dialog DLL:      TCM.DLL V1.36.5.0
 
<h2>Project:</h2>
C:\Users\aa\Desktop\新建freertos工程\Project\fire_freertos.uvprojx
Project File Date:  06/24/2025

<h2>Output:</h2>
*** Using Compiler 'V5.06 update 6 (build 750)', folder: 'D:\ruanjian\Keil\Keil_v5\ARM\ARMCC\Bin'
Build target 'Target 1'
compiling main.c...
linking...
Program Size: Code=500 RO-data=992 RW-data=4 ZI-data=1108  
".\Objects\fire_freertos.axf" - 0 Error(s), 0 Warning(s).

<h2>Software Packages used:</h2>

Package Vendor: ARM
                http://www.keil.com/pack/ARM.CMSIS.5.6.0.pack
                ARM.CMSIS.5.6.0
                CMSIS (Cortex Microcontroller Software Interface Standard)
   * Component: CORE Version: 5.3.0
   * Component: Startup Version: 1.2.0

<h2>Collection of Component include folders:</h2>
  .\RTE\_Target_1
  D:\ruanjian\Keil\Arm\Packs\ARM\CMSIS\5.6.0\CMSIS\Core\Include
  D:\ruanjian\Keil\Arm\Packs\ARM\CMSIS\5.6.0\Device\ARM\ARMCM3\Include

<h2>Collection of Component Files used:</h2>

   * Component: ARM::CMSIS:CORE:5.3.0

   * Component: ARM::Device:Startup:1.2.0
      Include file:  Device\ARM\ARMCM3\Include\ARMCM3.h
      Source file:   Device\ARM\ARMCM3\Source\ARM\startup_ARMCM3.s
      Source file:   Device\ARM\ARMCM3\Source\system_ARMCM3.c
Build Time Elapsed:  00:00:00
</pre>
</body>
</html>
